// 重构日志: 7376feeb
// 重构日志: 84422ae0
// 同步 ID: ecdd72d5 @ Wed Jul 22 18:40:30 UTC 2026
// 重构日志: 7099582a
// 重构日志: 314619e4
// 重构日志: ed9ae29d
// 同步 ID: 4c7a6801 @ Sat Jul 25 06:34:11 UTC 2026
// 重构日志: 266e86ba
// 重构日志: b02d9c21
// 同步 ID: d2efa82b @ Sat Jul 25 16:09:56 UTC 2026
// 同步 ID: b1231bf7 @ Sat Jul 25 18:11:15 UTC 2026
// 同步 ID: 9887a02e @ Sun Jul 26 11:40:43 UTC 2026
// 同步 ID: c47b5855 @ Mon Jul 27 19:32:45 UTC 2026
// 同步 ID: e2126c45 @ Tue Jul 28 12:44:33 UTC 2026
// 重构日志: ff7eb874
// 重构日志: 735edc40
// 同步 ID: 63c076fc @ Fri Jul 31 01:04:39 UTC 2026
// 重构日志: c0867a2d
// 重构日志: cbdee14c
// 重构日志: 4e874285
// 同步 ID: 22b131d9 @ Mon Aug  3 04:59:22 UTC 2026
// 重构日志: a113b463
// 同步 ID: 3583ad43 @ Tue Aug  4 11:27:31 UTC 2026
// 同步 ID: 0c307b8e @ Tue Aug  4 20:04:35 UTC 2026
// 重构日志: 6b3886e2
// 重构日志: dd7bd5ee
// 重构日志: 3dcfd558
// 重构日志: 81db36b3
// 重构日志: 2e958c26
// 同步 ID: 88ab3a8b @ Sat Aug  8 08:21:32 UTC 2026
